<html>
<body>
<pre>
<h1>µVision Build Log</h1>
<h2>Tool Versions:</h2>
IDE-Version: µVision V5.29.0.0
Copyright (C) 2019 ARM Ltd and ARM Germany GmbH. All rights reserved.
License Information: nguyen nguyen, hcmut, LIC=----
 
Tool Versions:
Toolchain:       MDK-Lite  Version: 5.29.0.0
Toolchain Path:  C:\Keil_v5\ARM\ARMCC\Bin
C Compiler:      Armcc.exe V5.06 update 6 (build 750)
Assembler:       Armasm.exe V5.06 update 6 (build 750)
Linker/Locator:  ArmLink.exe V5.06 update 6 (build 750)
Library Manager: ArmAr.exe V5.06 update 6 (build 750)
Hex Converter:   FromElf.exe V5.06 update 6 (build 750)
CPU DLL:         SARMCM3.DLL V5.29.0.0
Dialog DLL:      DCM.DLL V1.17.3.0
Target DLL:      CMSIS_AGDI.dll V1.32.0.0
Dialog DLL:      TCM.DLL V1.36.5.0
 
<h2>Project:</h2>
D:\Nguyen_DHBK\Dropbox\Projects\Rikkeisoft\Toshiba\SampleTMPM475SB\TMPM475SBK\keil\KEIL_TMPM475SBK.uvprojx
Project File Date:  05/21/2020

<h2>Output:</h2>
*** Using Compiler 'V5.06 update 6 (build 750)', folder: 'C:\Keil_v5\ARM\ARMCC\Bin'
Build target 'TMPM475SBK'
compiling nguyen_motor_app.c...
linking...
Program Size: Code=15956 RO-data=1280 RW-data=152 ZI-data=1088  
FromELF: creating hex file...
".\Objects\KEIL_TMPM475SBK.axf" - 0 Error(s), 0 Warning(s).

<h2>Software Packages used:</h2>

Package Vendor: ARM
                http://www.keil.com/pack/ARM.CMSIS.5.6.0.pack
                ARM.CMSIS.5.6.0
                CMSIS (Cortex Microcontroller Software Interface Standard)
   * Component: CAN Version: 1.2.0
   * Component: Custom Version: 1.2.0
   * Component: CORE Version: 5.3.0
   * Component: DSP Variant: Library Version: 1.7.0

Package Vendor: Keil
                http://www.keil.com/pack/Keil.ARM_Compiler.1.6.2.pack
                Keil.ARM_Compiler.1.6.2
                Keil ARM Compiler extensions for ARM Compiler 5 and ARM Compiler 6
   * Component: STDERR Variant: ITM Version: 1.2.0
   * Component: STDIN Variant: ITM Version: 1.2.0
   * Component: STDOUT Variant: ITM Version: 1.2.0

Package Vendor: Keil
                http://www.keil.com/pack/Keil.TMPM4_DFP.1.2.0.pack
                Keil.TMPM4_DFP.1.2.0
                Toshiba TX04 Series Device Support
   * Component: Startup Version: 1.0.0

<h2>Collection of Component include folders:</h2>
  .\RTE\_TMPM475SBK
  C:\Users\Nguyet\AppData\Local\Arm\Packs\ARM\CMSIS\5.6.0\CMSIS\Core\Include
  C:\Users\Nguyet\AppData\Local\Arm\Packs\ARM\CMSIS\5.6.0\CMSIS\DSP\Include
  C:\Users\Nguyet\AppData\Local\Arm\Packs\ARM\CMSIS\5.6.0\CMSIS\Driver\Include
  C:\Users\Nguyet\AppData\Local\Arm\Packs\Keil\TMPM4_DFP\1.2.0\Device\Include

<h2>Collection of Component Files used:</h2>

   * Component: ::CMSIS Driver:CAN:1.2.0 (API)
      Include file:  CMSIS\Driver\Include\Driver_CAN.h

   * Component: ARM::CMSIS Driver:CAN:Custom:1.2.0
      Include file:  CMSIS\Driver\Include\Driver_CAN.h
      Source file:   CMSIS\Driver\DriverTemplates\Driver_CAN.c

   * Component: ARM::CMSIS:CORE:5.3.0

   * Component: ARM::CMSIS:DSP:Library:1.7.0
      Include file:  CMSIS\DSP\Include\arm_math.h
      Library file:  CMSIS\DSP\Lib\ARM\arm_cortexM4lf_math.lib

   * Component: Keil.ARM Compiler::Compiler:I/O:STDERR:ITM:1.2.0
      Source file:   Source\retarget_io.c

   * Component: Keil.ARM Compiler::Compiler:I/O:STDIN:ITM:1.2.0
      Source file:   Source\retarget_io.c

   * Component: Keil.ARM Compiler::Compiler:I/O:STDOUT:ITM:1.2.0
      Source file:   Source\retarget_io.c

   * Component: Keil::Device:Startup:1.0.0
      Source file:   Device\Source\ARM\startup_TMPM475.s
      Source file:   Device\Source\system_TMPM475.c
Build Time Elapsed:  00:00:02
</pre>
</body>
</html>
